== Sistema operativo y arquitectura ==
Linux
x86_64
Entorno: Ubuntu en WSL 2
PRETTY_NAME="Ubuntu 24.04.5 LTS"

== Shell por defecto ==
/bin/bash

== Espacio libre en disco (unidad del repositorio) ==
Filesystem      Size  Used Avail Use% Mounted on
C:\             953G  131G  823G  14% /mnt/c

== Memoria disponible para Linux y Docker ==
               total        used        free      shared  buff/cache   available
Mem:           7.5Gi       520Mi       6.5Gi       3.5Mi       630Mi       6.9Gi
Swap:          2.0Gi          0B       2.0Gi

== Herramientas de trabajo (Parte 0) ==
OK git
OK gh
OK curl
OK wget
FALTA unzip
FALTA jq
FALTA tree
FALTA htop
OK tmux
FALTA shellcheck

== Git ==
git version 2.43.0
enriquebraquehaisdelara@gmail.com
